BUILD START Sun May 24 08:39:09 UTC 2026
